2025-12-26 13:56:29 [INFO] User requested encryption
2025-12-26 13:56:32 [INFO] User generated key with password
2025-12-26 13:56:32 [INFO] Text encrypttion activated
2025-12-26 13:56:38 [INFO] Saved text file: /Users/nicklas.thegerstrom/ws/projects/nickcipher/data/output/testlogger.txt
2025-12-26 13:56:38 [INFO] New file saved as /Users/nicklas.thegerstrom/ws/projects/nickcipher/data/output/testlogger.txt
2025-12-26 13:56:48 [INFO] User opened text from file: /Users/nicklas.thegerstrom/ws/projects/nickcipher/data/output/testlogger.txt
2025-12-26 13:56:48 [INFO] User requested decryption
2025-12-26 13:56:48 [INFO] Active key loaded in memory
2025-12-26 13:56:52 [INFO] User discarded loaded key, generating new from password
2025-12-26 13:56:56 [INFO] Text decryption activated
2025-12-26 13:57:05 [INFO] User exited application
2025-12-26 16:32:09 [INFO] User exited application
2025-12-26 16:32:43 [INFO] User opened text from file: /Users/nicklas.thegerstrom/ws/projects/nickcipher/data/input/test2.txt
2025-12-26 16:32:43 [INFO] User requested encryption
2025-12-26 16:32:51 [INFO] User generated key with password
2025-12-26 16:32:51 [INFO] Text encrypttion activated
2025-12-26 16:32:51 [INFO] Saved text file: /Users/nicklas.thegerstrom/ws/projects/nickcipher/data/output/enc_test2.txt
2025-12-26 16:39:29 [INFO] User requested decryption
2025-12-26 16:39:33 [INFO] User generated key with password
2025-12-26 16:39:33 [INFO] Text decryption activated
2025-12-26 16:40:10 [INFO] User made invalid selection from file list
2025-12-26 16:40:20 [INFO] User made invalid selection from file list
2025-12-26 16:40:31 [INFO] User requested decryption
2025-12-26 16:40:31 [INFO] Active key loaded in memory
2025-12-26 16:40:39 [INFO] User contiuing with active key
2025-12-26 16:40:39 [INFO] Text decryption activated
2025-12-26 16:41:39 [INFO] User exited application
2025-12-26 17:42:40 [INFO] User choose to read information
2025-12-26 18:14:04 [INFO] User exited application
2026-01-04 21:50:27 [INFO] User exited application
2026-01-04 21:50:36 [INFO] User did wrong input
2026-01-04 21:50:43 [INFO] User requested encryption
2026-01-04 21:50:56 [INFO] Encoding text...
2026-01-04 21:51:11 [INFO] User requested encryption
2026-01-04 21:51:11 [INFO] Encoding text...
2026-01-04 21:51:21 [INFO] Saved text file: /Users/nicklas.thegerstrom/ws/projects/nickcipher/data/output/keytest.txt
2026-01-04 21:51:33 [INFO] User opened text from file: /Users/nicklas.thegerstrom/ws/projects/nickcipher/data/output/keytest.txt
2026-01-04 21:51:33 [INFO] User requested decryption
2026-01-04 21:51:33 [INFO] Decoding text...
2026-01-04 21:51:43 [INFO] User did wrong input
2026-01-04 21:51:44 [INFO] User did wrong input
2026-01-04 21:51:47 [INFO] User did wrong input
2026-01-04 21:51:50 [INFO] User did wrong input
2026-01-04 21:51:51 [INFO] User did wrong input
2026-01-04 21:51:58 [INFO] User exited application
2026-01-05 00:26:45 [INFO] JSON saved: /Users/nicklas.thegerstrom/ws/projects/nickcipher/data/keys/lurig.json
2026-01-05 00:26:45 [INFO] User saved key to /Users/nicklas.thegerstrom/ws/projects/nickcipher/data/keys/lurig.json
2026-01-05 00:48:07 [INFO] User exited application
2026-01-05 01:09:31 [INFO] User choose to read information
2026-01-05 01:10:46 [INFO] Session keys erased from memory.
2026-01-05 01:10:46 [INFO] User cleared key from memory
2026-01-05 01:10:49 [INFO] Session keys erased from memory.
2026-01-05 01:10:49 [INFO] User cleared key from memory
2026-01-05 01:10:50 [INFO] Session keys erased from memory.
2026-01-05 01:10:50 [INFO] User cleared key from memory
2026-01-05 01:11:03 [INFO] Loaded JSON: /Users/nicklas.thegerstrom/ws/projects/nickcipher/data/keys/lurig.json
2026-01-05 01:11:03 [INFO] User loaded key lurig.json
2026-01-05 01:11:07 [INFO] Session keys erased from memory.
2026-01-05 01:11:07 [INFO] User cleared key from memory
2026-01-05 01:13:38 [INFO] User exited application
2026-01-05 01:17:56 [INFO] Loaded JSON: /Users/nicklas.thegerstrom/ws/projects/nickcipher/data/keys/lurig.json
2026-01-05 01:17:56 [INFO] User loaded key lurig.json
2026-01-05 01:18:21 [INFO] User requested encryption
2026-01-05 01:18:21 [INFO] Encoding text...
2026-01-05 01:18:30 [INFO] User requested decryption
2026-01-05 01:18:30 [INFO] Decoding text...
2026-01-05 01:18:47 [INFO] User requested encryption
2026-01-05 01:18:47 [INFO] Encoding text...
2026-01-05 01:19:15 [INFO] Session keys erased from memory.
2026-01-05 01:19:15 [INFO] User cleared key from memory
2026-01-05 01:19:28 [INFO] User exited application
